../Core/Src/main.c:69:6:Set_Pin_Output	40	static
../Core/Src/main.c:86:6:Set_Pin_Input	40	static
../Core/Src/main.c:102:6:microsecond_delay	16	static
../Core/Src/main.c:107:6:Sensor_start	8	static
../Core/Src/main.c:114:9:Sensor_response	16	static
../Core/Src/main.c:128:9:Read_data	16	static
../Core/Src/main.c:150:5:main	8	static
../Core/Src/main.c:201:6:SystemClock_Config	88	static
../Core/Src/main.c:247:13:MX_TIM1_Init	32	static
../Core/Src/main.c:322:6:Error_Handler	4	static,ignoring_inline_asm
